// Jest Snapshot v1, https://goo.gl/fbAQLP

exports[`pages about snapshot 1`] = `
"<div><header class=\\"header\\"><div class=\\"container\\"><nav class=\\"navbar navbar-toggleable-md navbar-light row\\"><button type=\\"button\\" data-toggle=\\"collapse\\" data-target=\\"#navbarHeader\\" aria-controls=\\"navbarHeader\\" aria-expanded=\\"false\\" aria-label=\\"Toggle navigation\\" class=\\"navbar-toggler navbar-toggler-right\\"><span class=\\"navbar-toggler-icon\\"></span></button> <div class=\\"navbar-brand\\"><nuxt-link to=\\"/\\"><img src=\\"test-file-stub\\" alt=\\"ProFitOro\\" class=\\"logo\\"></nuxt-link></div> <div id=\\"navbarHeader\\" class=\\"collapse navbar-collapse\\"><ul class=\\"navbar-nav ml-auto\\"><li class=\\"nav-item\\"><nuxt-link to=\\"/\\" class=\\"nav-link\\">Home </nuxt-link></li> <li class=\\"nav-item\\"><nuxt-link to=\\"about\\" class=\\"nav-link\\">About </nuxt-link></li> <li class=\\"nav-item\\"><nuxt-link to=\\"settings\\" class=\\"nav-link disabled\\">Settings </nuxt-link></li> <li class=\\"nav-item\\"><nuxt-link to=\\"statistics\\" class=\\"nav-link disabled\\">Statistics </nuxt-link></li> <li class=\\"nav-item\\"><nuxt-link to=\\"workouts\\" class=\\"nav-link disabled\\">Workouts </nuxt-link></li></ul> <form class=\\"buttons-holder\\"><!----> <span class=\\"nav-link\\">Go to the start page</span></form></div></nav></div></header> <div class=\\"container min-full-height\\"><p class=\\"lead\\">
      ProFitOro application is a time management application that combines the Pomodoro technique with office workouts.
    </p> <p class=\\"lead\\"><nuxt-link to=\\"login\\">Click here to login </nuxt-link> or just <nuxt-link to=\\"pomodoro\\">start using ProFitOro </nuxt-link>without registration.
    </p> <p class=\\"lead\\">
      Every time your Pomodoro working interval ends, you will be presented with a small workout that you have to perform during the Pomodoro resting period.
    </p> <h4 class=\\"title\\">There are some advantages to become a <nuxt-link to=\\"login\\">registered user</nuxt-link>:</h4> <p>
      As a registered user you can <nuxt-link to=\\"settings\\">configure</nuxt-link> your Pomodoro timing settings.
    </p> <p>
      You can also <nuxt-link to=\\"workouts\\">manage</nuxt-link> workouts, choosing your favourite ones, rating them and even creating your own workouts that will be displayed to everybody!
    </p> <p>
      You can also <nuxt-link to=\\"statistics\\">check your statistics</nuxt-link> along the time you use ProFitOro!
    </p> <h4 class=\\"title\\">Book</h4> <p>
      This application has been developed as a part of the book <a href=\\"https://www.packtpub.com/web-development/web-development-bootstrap-and-vuejs\\">\\"Web development using Vue.js, Bootstrap and Firebase\\"</a>.
    </p> <h4 class=\\"title\\">Credits</h4> <p>Logo creation: <a href=\\"mailto:car.marg@gmail.com\\">Carina</a></p> <p>Mockups implementation: <a href=\\"https://github.com/Safure\\">Safi</a></p> <p>Design and illustrations: <a href=\\"https://www.behance.net/MeegsyWeegsy\\">Vanessa</a></p> <p>Transforming design into scss and helping with implementation: <a href=\\"https://github.com/fil090302\\">Filipe</a></p> <p>Implementation using Vue, Boostrap and Firebase: <a href=\\"https://github.com/chudaol\\">Olga</a></p></div> <div class=\\"footer\\"><div class=\\"container\\"><span class=\\"copyright\\">Copyright</span> <span class=\\"fact\\">Working out sharpens your memory</span> <span class=\\"author bold\\">Workout Lovers</span></div></div></div>"
`;

exports[`pages index snapshot 1`] = `"<div><!----> <div class=\\"landingPage\\"><div class=\\"container row justify-content-center align-items-center\\"><div class=\\"col-sm-12 col-md-12\\"><h1 class=\\"logo-text\\">Profit'<span class=\\"bold\\">oro</span></h1> <div><p class=\\"tagline\\">Take breaks during work. Exercise during breaks.</p> <nuxt-link tag=\\"p\\" to=\\"about\\" class=\\"tagline small know-more\\">Know more </nuxt-link></div> <div class=\\"loginForm-holder\\"><div>Already a member? Log in here!</div> <form class=\\"form row\\"><div class=\\"col-md-12 col-lg-6 form-group\\"><input type=\\"email\\" placeholder=\\"username or email address\\" class=\\"input white\\"> <input type=\\"password\\" placeholder=\\"password\\" class=\\"input white\\"></div> <div class=\\"buttons-holder col-md-12\\"><button class=\\"button button-lp-primary\\">LOGIN</button> <span class=\\"or-text\\">OR</span> <div class=\\"anonymous-login\\"><nuxt-link to=\\"pomodoro\\" tag=\\"button\\" class=\\"button button-lp-secondary\\">START WITHOUT REGISTRATION</nuxt-link> <div class=\\"anonymous-text\\">This version will not allow you to personalise your profile or add new workouts</div></div></div></form> <div class=\\"form-changer col-md-12 col-lg-6\\"><button class=\\"button button-lp-primary-faded\\">Don't have an account? Sign up here!</button></div></div></div></div></div></div>"`;

exports[`pages login snapshot 1`] = `"<div class=\\"landingPage\\"><div class=\\"container row justify-content-center align-items-center\\"><div class=\\"col-sm-12 col-md-12\\"><h1 class=\\"logo-text\\">Profit'<span class=\\"bold\\">oro</span></h1> <div><p class=\\"tagline\\">Take breaks during work. Exercise during breaks.</p> <nuxt-link tag=\\"p\\" to=\\"about\\" class=\\"tagline small know-more\\">Know more </nuxt-link></div> <div class=\\"loginForm-holder\\"><div>Already a member? Log in here!</div> <form class=\\"form row\\"><div class=\\"col-md-12 col-lg-6 form-group\\"><input type=\\"email\\" placeholder=\\"username or email address\\" class=\\"input white\\"> <input type=\\"password\\" placeholder=\\"password\\" class=\\"input white\\"></div> <div class=\\"buttons-holder col-md-12\\"><button class=\\"button button-lp-primary\\">LOGIN</button> <span class=\\"or-text\\">OR</span> <div class=\\"anonymous-login\\"><nuxt-link to=\\"pomodoro\\" tag=\\"button\\" class=\\"button button-lp-secondary\\">START WITHOUT REGISTRATION</nuxt-link> <div class=\\"anonymous-text\\">This version will not allow you to personalise your profile or add new workouts</div></div></div></form> <div class=\\"form-changer col-md-12 col-lg-6\\"><button class=\\"button button-lp-primary-faded\\">Don't have an account? Sign up here!</button></div></div></div></div></div>"`;

exports[`pages pomodoro snapshot 1`] = `
"<div><header class=\\"header\\"><div class=\\"container\\"><nav class=\\"navbar navbar-toggleable-md navbar-light row\\"><button type=\\"button\\" data-toggle=\\"collapse\\" data-target=\\"#navbarHeader\\" aria-controls=\\"navbarHeader\\" aria-expanded=\\"false\\" aria-label=\\"Toggle navigation\\" class=\\"navbar-toggler navbar-toggler-right\\"><span class=\\"navbar-toggler-icon\\"></span></button> <div class=\\"navbar-brand\\"><nuxt-link to=\\"/\\"><img src=\\"test-file-stub\\" alt=\\"ProFitOro\\" class=\\"logo\\"></nuxt-link></div> <div id=\\"navbarHeader\\" class=\\"collapse navbar-collapse\\"><ul class=\\"navbar-nav ml-auto\\"><li class=\\"nav-item\\"><nuxt-link to=\\"/\\" class=\\"nav-link\\">Home </nuxt-link></li> <li class=\\"nav-item\\"><nuxt-link to=\\"about\\" class=\\"nav-link\\">About </nuxt-link></li> <li class=\\"nav-item\\"><nuxt-link to=\\"settings\\" class=\\"nav-link disabled\\">Settings </nuxt-link></li> <li class=\\"nav-item\\"><nuxt-link to=\\"statistics\\" class=\\"nav-link disabled\\">Statistics </nuxt-link></li> <li class=\\"nav-item\\"><nuxt-link to=\\"workouts\\" class=\\"nav-link disabled\\">Workouts </nuxt-link></li></ul> <form class=\\"buttons-holder\\"><!----> <span class=\\"nav-link\\">Go to the start page</span></form></div></nav></div></header> <div class=\\"container min-full-height\\"><div class=\\"main-content row\\"><div class=\\"col-sm-12 col-md-6 col-lg-4\\" style=\\"display: none;\\"><div class=\\"jumbotron text-center\\"><div class=\\"container\\"><img src=\\"\\" alt=\\"\\" class=\\"img-fluid rounded\\"> <h2></h2> <p class=\\"lead\\">
              
            </p></div></div></div> <div class=\\"countdown-holder col-sm-12 col-md-12\\"><div class=\\"content\\"><div class=\\"timer-holder countdown-timer col-sm-12 col-md-10 col-lg-6\\"><div class=\\"center-content\\"><svg viewBox=\\"0 0 200 200\\" preserveAspectRatio=\\"xMinYMin meet\\" xmlns=\\"http://www.w3.org/2000/svg\\" class=\\"timer\\"><circle r=\\"100\\" cx=\\"100\\" cy=\\"100\\" class=\\"bigCircle\\"></circle> <circle r=\\"90\\" cx=\\"100\\" cy=\\"100\\" class=\\"smallCircle\\"></circle> <path d=\\"M100,100 L100, 0 A100,100 0 0,0 100, 0 z\\" class=\\"segment\\"></path>  <text x=\\"100\\" y=\\"100\\" class=\\"text\\">
        25:00
      </text></svg></div></div> <div class=\\"controls\\"><div role=\\"group\\" class=\\"btn-group\\"><button type=\\"button\\" class=\\"btn btn-link\\"><img src=\\"test-file-stub\\"></button> <button type=\\"button\\" class=\\"btn btn-link disabled\\"><img src=\\"test-file-stub\\"></button> <button type=\\"button\\" class=\\"btn btn-link btn-stop disabled\\"><img src=\\"test-file-stub\\"></button></div></div></div></div></div></div> <div class=\\"footer\\"><div class=\\"container\\"><span class=\\"copyright\\">Copyright</span> <span class=\\"fact\\">Working out sharpens your memory</span> <span class=\\"author bold\\">Workout Lovers</span></div></div></div>"
`;

exports[`pages settings snapshot 1`] = `"<div><header class=\\"header\\"><div class=\\"container\\"><nav class=\\"navbar navbar-toggleable-md navbar-light row\\"><button type=\\"button\\" data-toggle=\\"collapse\\" data-target=\\"#navbarHeader\\" aria-controls=\\"navbarHeader\\" aria-expanded=\\"false\\" aria-label=\\"Toggle navigation\\" class=\\"navbar-toggler navbar-toggler-right\\"><span class=\\"navbar-toggler-icon\\"></span></button> <div class=\\"navbar-brand\\"><nuxt-link to=\\"/\\"><img src=\\"test-file-stub\\" alt=\\"ProFitOro\\" class=\\"logo\\"></nuxt-link></div> <div id=\\"navbarHeader\\" class=\\"collapse navbar-collapse\\"><ul class=\\"navbar-nav ml-auto\\"><li class=\\"nav-item\\"><nuxt-link to=\\"/\\" class=\\"nav-link\\">Home </nuxt-link></li> <li class=\\"nav-item\\"><nuxt-link to=\\"about\\" class=\\"nav-link\\">About </nuxt-link></li> <li class=\\"nav-item\\"><nuxt-link to=\\"settings\\" class=\\"nav-link disabled\\">Settings </nuxt-link></li> <li class=\\"nav-item\\"><nuxt-link to=\\"statistics\\" class=\\"nav-link disabled\\">Statistics </nuxt-link></li> <li class=\\"nav-item\\"><nuxt-link to=\\"workouts\\" class=\\"nav-link disabled\\">Workouts </nuxt-link></li></ul> <form class=\\"buttons-holder\\"><!----> <span class=\\"nav-link\\">Go to the start page</span></form></div></nav></div></header> <div class=\\"container min-full-height\\"><div class=\\"main-content row\\"><div class=\\"col-sm-12 col-lg-4\\"><div><h2 class=\\"title\\">Account settings</h2> <form><div class=\\"form-group\\"><figure class=\\"figure\\"><img src=\\"test-file-stub\\" alt=\\"Avatar\\" class=\\"img-thumbnail\\"> <figcaption class=\\"figure-caption\\">Change profile picture</figcaption> <input type=\\"text\\" style=\\"display: none;\\"></figure></div> <input type=\\"text\\" placeholder=\\"Change your username\\" class=\\"input rounded-0\\"> <input type=\\"text\\" placeholder=\\"Change your username\\" class=\\"input rounded-0\\"></form></div></div> <div class=\\"col-sm-12 col-lg-8\\"><div class=\\"container\\"><h2 class=\\"title text-center mb-5\\">Set your pomodoro timer</h2> <div class=\\"mt-5 row justify-content-center align-items-center\\"><div class=\\"set-timer-container col-sm-8 col-md-5\\"><div class=\\"set-timer set-timer-1\\"><div class=\\"set-timer-content\\"><input type=\\"number\\" class=\\"text\\"></div></div> <div class=\\"figure-caption\\">Pomodoro</div></div> <div class=\\"set-timer-container col-sm-8 col-md-4\\"><div class=\\"set-timer set-timer-2\\"><div class=\\"set-timer-content\\"><input type=\\"number\\" class=\\"text\\"></div></div> <div class=\\"figure-caption\\">Long break</div></div> <div class=\\"set-timer-container col-sm-8 col-md-3\\"><div class=\\"set-timer set-timer-3\\"><div class=\\"set-timer-content\\"><input type=\\"number\\" class=\\"text\\"></div></div> <div class=\\"figure-caption\\">Short break</div></div></div></div></div></div></div> <div class=\\"footer\\"><div class=\\"container\\"><span class=\\"copyright\\">Copyright</span> <span class=\\"fact\\">Working out sharpens your memory</span> <span class=\\"author bold\\">Workout Lovers</span></div></div></div>"`;

exports[`pages statistics snapshot 1`] = `"<div><header class=\\"header\\"><div class=\\"container\\"><nav class=\\"navbar navbar-toggleable-md navbar-light row\\"><button type=\\"button\\" data-toggle=\\"collapse\\" data-target=\\"#navbarHeader\\" aria-controls=\\"navbarHeader\\" aria-expanded=\\"false\\" aria-label=\\"Toggle navigation\\" class=\\"navbar-toggler navbar-toggler-right\\"><span class=\\"navbar-toggler-icon\\"></span></button> <div class=\\"navbar-brand\\"><nuxt-link to=\\"/\\"><img src=\\"test-file-stub\\" alt=\\"ProFitOro\\" class=\\"logo\\"></nuxt-link></div> <div id=\\"navbarHeader\\" class=\\"collapse navbar-collapse\\"><ul class=\\"navbar-nav ml-auto\\"><li class=\\"nav-item\\"><nuxt-link to=\\"/\\" class=\\"nav-link\\">Home </nuxt-link></li> <li class=\\"nav-item\\"><nuxt-link to=\\"about\\" class=\\"nav-link\\">About </nuxt-link></li> <li class=\\"nav-item\\"><nuxt-link to=\\"settings\\" class=\\"nav-link disabled\\">Settings </nuxt-link></li> <li class=\\"nav-item\\"><nuxt-link to=\\"statistics\\" class=\\"nav-link disabled\\">Statistics </nuxt-link></li> <li class=\\"nav-item\\"><nuxt-link to=\\"workouts\\" class=\\"nav-link disabled\\">Workouts </nuxt-link></li></ul> <form class=\\"buttons-holder\\"><!----> <span class=\\"nav-link\\">Go to the start page</span></form></div></nav></div></header> <div class=\\"container min-full-height\\"><div class=\\"main-content row\\"><div class=\\"col-sm-12\\"><h2 class=\\"title\\">Statistics</h2> <p>Total Pomodoros: 10</p></div></div></div> <div class=\\"footer\\"><div class=\\"container\\"><span class=\\"copyright\\">Copyright</span> <span class=\\"fact\\">Working out sharpens your memory</span> <span class=\\"author bold\\">Workout Lovers</span></div></div></div>"`;

exports[`pages workouts snapshot 1`] = `"<div><header class=\\"header\\"><div class=\\"container\\"><nav class=\\"navbar navbar-toggleable-md navbar-light row\\"><button type=\\"button\\" data-toggle=\\"collapse\\" data-target=\\"#navbarHeader\\" aria-controls=\\"navbarHeader\\" aria-expanded=\\"false\\" aria-label=\\"Toggle navigation\\" class=\\"navbar-toggler navbar-toggler-right\\"><span class=\\"navbar-toggler-icon\\"></span></button> <div class=\\"navbar-brand\\"><nuxt-link to=\\"/\\"><img src=\\"test-file-stub\\" alt=\\"ProFitOro\\" class=\\"logo\\"></nuxt-link></div> <div id=\\"navbarHeader\\" class=\\"collapse navbar-collapse\\"><ul class=\\"navbar-nav ml-auto\\"><li class=\\"nav-item\\"><nuxt-link to=\\"/\\" class=\\"nav-link\\">Home </nuxt-link></li> <li class=\\"nav-item\\"><nuxt-link to=\\"about\\" class=\\"nav-link\\">About </nuxt-link></li> <li class=\\"nav-item\\"><nuxt-link to=\\"settings\\" class=\\"nav-link disabled\\">Settings </nuxt-link></li> <li class=\\"nav-item\\"><nuxt-link to=\\"statistics\\" class=\\"nav-link disabled\\">Statistics </nuxt-link></li> <li class=\\"nav-item\\"><nuxt-link to=\\"workouts\\" class=\\"nav-link disabled\\">Workouts </nuxt-link></li></ul> <form class=\\"buttons-holder\\"><!----> <span class=\\"nav-link\\">Go to the start page</span></form></div></nav></div></header> <div class=\\"container min-full-height clearfix\\"><div class=\\"main-content row\\"><div class=\\"section-left col-sm-12 col-md-6 col-lg-6 float-left\\"><div><h2 class=\\"title\\">Manage your workouts</h2> <div class=\\"form-group\\"><input type=\\"search\\" placeholder=\\"Search for workouts\\" class=\\"input\\"></div> <div class=\\"card-columns\\"></div> <div id=\\"workoutModal\\" tabindex=\\"-1\\" role=\\"dialog\\" aria-hidden=\\"true\\" class=\\"modal fade\\"><div role=\\"document\\" class=\\"modal-dialog\\"><div class=\\"modal-content\\"><div class=\\"modal-header\\"><h5 class=\\"modal-title\\"></h5> <button type=\\"button\\" data-dismiss=\\"modal\\" aria-label=\\"Close\\" class=\\"close\\"><span aria-hidden=\\"true\\">×</span></button></div> <div class=\\"modal-body\\"><div class=\\"text-center\\"><img src=\\"0\\" alt=\\"\\" class=\\"img-fluid\\"></div> <p></p></div> <div class=\\"modal-footer\\"><p>Created on  by </p></div></div></div></div></div></div> <div class=\\"section-right col-sm-12 col-md-6 col-lg-6 float-right\\"><div><h2 class=\\"title\\">Add your workout</h2> <form><input type=\\"text\\" placeholder=\\"Name it\\" class=\\"input\\"> <textarea type=\\"text\\" placeholder=\\"Describe it\\" class=\\"input\\"></textarea> <div class=\\"image-upload\\"><label for=\\"imageFile\\" class=\\"title\\">Add an image</label> <input type=\\"file\\" multiple=\\"multiple\\" class=\\"form-control-file\\"></div> <div class=\\"row\\"><div class=\\"col\\"><button type=\\"submit\\" class=\\"button button-primary\\">Cancel</button></div> <div class=\\"col\\"><button type=\\"submit\\" class=\\"button button-primary\\">Apply</button></div></div></form></div></div></div></div> <div class=\\"footer\\"><div class=\\"container\\"><span class=\\"copyright\\">Copyright</span> <span class=\\"fact\\">Working out sharpens your memory</span> <span class=\\"author bold\\">Workout Lovers</span></div></div></div>"`;
